[04:02:13 +     0s] ===== report B =====
[04:02:14 +     1s]   sentinel B: auroc 0.8166451196 vs 0.8166451196 (d=0.00e+00) | part1-basis ms 85.444745 vs 85.444745 (d=0.00e+00) -> PASS
[04:06:37 +   265s]   latency breakdown reconciles with the reported mean to 1.71e-13 ms
                                        system   auroc  auroc_sd        ms  ms_part1_basis     ece    bacc      mcc  macro_auroc
                            fixed::qwen30_fast 0.83384   0.00066 211.64681       211.64677 0.02506 0.77251  0.56311      0.73504
                                          OURS 0.82256   0.00474 106.14369        86.48531 0.03883 0.74153  0.50613      0.68465
                                OURS_legacy_hp 0.81665   0.00386 105.10550        85.44475 0.03773 0.73261  0.48580      0.68338
                           fixed::qwen30_judge 0.81500   0.00158 600.86611       600.86607 0.05597 0.75918  0.55993      0.76755
                             fixed::alignscore 0.81167   0.00108 561.65063       561.65058 0.04345 0.73058  0.46608      0.74940
                fixed::granite_guardian_3_1_2b 0.79583   0.00316 131.81208       131.81203 0.05570 0.72866  0.48515      0.73198
                                 fixed::factcg 0.77998   0.00080 427.50416       427.50411 0.09607 0.73699  0.50752      0.76787
                                fixed::wecheck 0.76912   0.00098 496.01291       496.01286 0.09246 0.70300  0.44893      0.74367
                                 fixed::factkb 0.76282   0.00526  37.01459        37.01454 0.05945 0.71733  0.50983      0.63421
          fixed::granite_guardian_3_2_3b_a800m 0.75501   0.00792 263.87180       263.87176 0.14207 0.64634  0.36790      0.67131
                          fixed::minicheck_ft5 0.73907   0.00279 364.02883       364.02878 0.12191 0.69632  0.41990      0.72307
                         fixed::minicheck_dbta 0.67740   0.00135 480.64124       480.64120 0.12963 0.57525  0.25710      0.63779
                                   fixed::hhem 0.66521   0.01751 223.29782       223.29778 0.12600 0.61900  0.35367      0.56051
     fixed::granite_guardian_3_2_8b_factuality 0.63386   0.00582 690.01481       690.01477 0.28108 0.53511  0.06292      0.71610
                             fixed::lettuce_v2 0.59951   0.00056  61.60766        61.60762 0.15271 0.59992  0.25416      0.57321
                                 fixed::factcc 0.57089   0.00778  37.60259        37.60254 0.16127 0.53392  0.09288      0.59544
fixed::granite_guardian_4_1_3b_factuality_lora 0.47487   0.00179 376.75572       376.75567 0.27710 0.46108 -0.07875      0.60343
[04:06:37 +   265s] ===== report A =====
[04:06:39 +   267s]   sentinel A: auroc 0.7899055002 vs 0.7899055002 (d=0.00e+00) | part1-basis ms 87.886519 vs 87.886519 (d=0.00e+00) -> PASS
[04:14:24 +   732s]   latency breakdown reconciles with the reported mean to 1.14e-13 ms
                                        system   auroc  auroc_sd         ms  ms_part1_basis     ece    bacc     mcc  macro_auroc
                                          OURS 0.79330   0.00173  112.54142        88.18901 0.02161 0.71951 0.45888      0.67083
                                OURS_legacy_hp 0.78991   0.00117  112.26383        87.88652 0.02400 0.71681 0.45245      0.66707
                             fixed::alignscore 0.78113   0.00131  677.29399       677.29387 0.02154 0.68446 0.40741      0.72390
                            fixed::qwen30_fast 0.76893   0.00319  273.34572       273.34560 0.01440 0.71863 0.49619      0.70767
                           fixed::qwen30_judge 0.76390   0.00206  642.74002       642.73991 0.02029 0.71899 0.50524      0.73737
                                 fixed::factcg 0.75500   0.00224  429.93719       429.93707 0.02079 0.69847 0.45352      0.73967
                fixed::granite_guardian_3_1_2b 0.74024   0.00129  177.34188       177.34176 0.02113 0.67233 0.39997      0.70820
                                fixed::wecheck 0.73337   0.00189  359.31577       359.31565 0.02147 0.66035 0.38843      0.72753
                          fixed::minicheck_ft5 0.70117   0.00182  451.00874       451.00862 0.02393 0.65724 0.34345      0.70672
                                 fixed::factkb 0.67432   0.00255   44.46050        44.46038 0.02501 0.65272 0.42093      0.62522
     fixed::granite_guardian_3_2_8b_factuality 0.67028   0.00547 1011.32254      1011.32243 0.01762 0.65685 0.42766      0.67439
          fixed::granite_guardian_3_2_3b_a800m 0.66372   0.00202  243.91873       243.91861 0.02103 0.61813 0.31240      0.65195
                         fixed::minicheck_dbta 0.63642   0.00191  473.33127       473.33115 0.02407 0.56662 0.19325      0.61283
                                   fixed::hhem 0.62453   0.00225  149.64105       149.64093 0.01739 0.58399 0.25540      0.58928
fixed::granite_guardian_4_1_3b_factuality_lora 0.61887   0.00177  448.80904       448.80892 0.02195 0.57546 0.15185      0.63184
                             fixed::lettuce_v2 0.61216   0.00488   73.67511        73.67500 0.01403 0.61229 0.28777      0.58744
                                 fixed::factcc 0.53237   0.00287   44.85848        44.85836 0.01972 0.51612 0.03225      0.57314
[04:14:24 +   732s] ===== report done in 732s =====
