[launcher] 2026-08-17T10:49:45-04:00 starting prep
[launcher] 2026-08-17T10:49:47-04:00 finished prep
[launcher] 2026-08-17T10:49:47-04:00 starting percorpus
[launcher] 2026-08-17T10:50:26-04:00 finished percorpus
[launcher] 2026-08-17T10:50:26-04:00 starting latticeB
[launcher] 2026-08-17T10:58:49-04:00 finished latticeB
[launcher] 2026-08-17T10:58:49-04:00 starting convergeB
[launcher] 2026-08-17T10:59:48-04:00 finished convergeB
[launcher] 2026-08-17T10:59:48-04:00 starting declaredB
[launcher] 2026-08-17T11:00:18-04:00 finished declaredB
[launcher] 2026-08-17T11:00:18-04:00 starting reportB
[launcher] 2026-08-17T11:01:38-04:00 finished reportB
PART3_phase1_DONE 2026-08-17T11:01:38-04:00
[launcher] 2026-08-17T11:05:34-04:00 starting latticeA
[launcher] 2026-08-17T15:47:15-04:00 finished latticeA
[launcher] 2026-08-17T15:47:15-04:00 starting convergeA
[launcher] 2026-08-17T16:16:45-04:00 finished convergeA
[launcher] 2026-08-17T16:16:45-04:00 starting declaredA
[launcher] 2026-08-17T16:32:36-04:00 finished declaredA
[launcher] 2026-08-17T16:32:36-04:00 starting reportA
[launcher] 2026-08-17T16:34:55-04:00 finished reportA
PART3_phase2_DONE 2026-08-17T16:34:55-04:00
