[16:57:05 +     0s] ===== report A =====
[16:57:05 +     1s]   gate A: auroc 0.7933003647 vs 0.7933003647 (d=0.00e+00) | det ms 88.189008 vs 88.189008 (d=0.00e+00) -> PASS
                        arm   auroc  auroc_sd  d_auroc_vs_reference  mean_calls        ms  d_ms_vs_reference     ece   brier    aurc    bacc     mcc    p95_ms
                  reference 0.79330   0.00173               0.00000     1.00000 112.54842            0.00000 0.02161 0.17262 0.14905 0.71951 0.45888 313.00408
        cascade::confidence 0.70170   0.00373              -0.09160     1.57761 158.21025           45.66183 0.02678 0.20609 0.21863 0.63350 0.35705 396.39831
      cascade::disagreement 0.59096   0.00423              -0.20234     2.18582 200.91588           88.36746 0.02105 0.22475 0.30518 0.58607 0.28274 600.71137
  cascade::learned_deferral 0.71060   0.00478              -0.08270     1.56257 160.19200           47.64358 0.01896 0.19044 0.19676 0.68850 0.45308 384.57785
second::verifier_confidence 0.79172   0.00254              -0.00158     1.06832 125.23394           12.68552 0.02304 0.17282 0.15045 0.72194 0.46287 337.26442
         second::raw_margin 0.79495   0.00263               0.00165     1.19181 143.41775           30.86933 0.02573 0.17465 0.14816 0.71361 0.44562 398.41176
  second::discounted_margin 0.79757   0.00339               0.00427     1.15127 140.28747           27.73905 0.02372 0.17219 0.14572 0.72041 0.46203 426.01090
       learner::extra_trees 0.78658   0.00123              -0.00672     1.00000 107.87752           -4.67090 0.02104 0.17422 0.15202 0.70754 0.46516 295.46973
               learner::hgb 0.76975   0.00257              -0.02355     1.00000 116.09922            3.55080 0.02416 0.18243 0.16488 0.68730 0.43268 322.18828
               learner::gbr 0.78280   0.00251              -0.01050     1.00000 112.22800           -0.32042 0.02271 0.17716 0.15649 0.70252 0.44274 316.43912
             learner::ridge 0.73734   0.00370              -0.05596     1.00000 166.39112           53.84270 0.02344 0.19079 0.18978 0.69228 0.43679 344.59959
              learner::tree 0.76975   0.00301              -0.02355     1.00000 117.55598            5.00756 0.02451 0.18270 0.16745 0.69108 0.42701 324.01370
               learner::knn 0.73717   0.00371              -0.05613     1.00000 148.48801           35.93959 0.02596 0.19401 0.19303 0.67814 0.41395 372.89862
               learner::mlp 0.76438   0.00488              -0.02892     1.00000 131.50731           18.95889 0.02170 0.18463 0.16954 0.69116 0.43644 348.33719
                        arm  d_auroc_reference_minus  ci95_lo  ci95_hi  significant_95  bonf_lo  bonf_hi  significant_bonferroni      d_ms  mean_calls  n_comparisons  bonferroni_alpha
      cascade::disagreement                  0.20234  0.18938  0.21543            True  0.18314  0.22267                    True -88.36746     2.18582             13           0.00385
        cascade::confidence                  0.09160  0.08031  0.10287            True  0.07511  0.10757                    True -45.66183     1.57761             13           0.00385
  cascade::learned_deferral                  0.08270  0.07174  0.09404            True  0.06735  0.10046                    True -47.64358     1.56257             13           0.00385
               learner::knn                  0.05613  0.04776  0.06453            True  0.04414  0.06798                    True -35.93959     1.00000             13           0.00385
             learner::ridge                  0.05596  0.04682  0.06579            True  0.04261  0.07038                    True -53.84270     1.00000             13           0.00385
               learner::mlp                  0.02892  0.02420  0.03422            True  0.02248  0.03645                    True -18.95889     1.00000             13           0.00385
              learner::tree                  0.02355  0.02010  0.02737            True  0.01842  0.02861                    True  -5.00756     1.00000             13           0.00385
               learner::hgb                  0.02355  0.01901  0.02816            True  0.01720  0.03082                    True  -3.55080     1.00000             13           0.00385
               learner::gbr                  0.01050  0.00741  0.01372            True  0.00658  0.01514                    True   0.32042     1.00000             13           0.00385
       learner::extra_trees                  0.00672  0.00343  0.00987            True  0.00224  0.01117                    True   4.67090     1.00000             13           0.00385
second::verifier_confidence                  0.00158  0.00012  0.00299            True -0.00053  0.00376                   False -12.68552     1.06832             13           0.00385
         second::raw_margin                 -0.00165 -0.00468  0.00134           False -0.00639  0.00296                   False -30.86933     1.19181             13           0.00385
  second::discounted_margin                 -0.00427 -0.00717 -0.00113            True -0.00875  0.00008                   False -27.73905     1.15127             13           0.00385
[17:03:29 +   384s] ===== reportA done in 384s =====
