[16:37:22 +     0s] ===== report B =====
[16:37:23 +     0s]   gate B: auroc 0.8225560999 vs 0.8225560999 (d=0.00e+00) | det ms 86.485309 vs 86.485309 (d=1.42e-14) -> PASS
                        arm   auroc  auroc_sd  d_auroc_vs_reference  mean_calls        ms  d_ms_vs_reference     ece   brier    aurc    bacc     mcc    p95_ms
                  reference 0.82256   0.00474               0.00000     1.00000 106.14740            0.00000 0.03883 0.16855 0.13652 0.74153 0.50613 225.16207
        cascade::confidence 0.75191   0.00577              -0.07065     1.52905 119.68233           13.53493 0.08797 0.20407 0.20498 0.67294 0.41538 283.45584
      cascade::disagreement 0.62026   0.00708              -0.20230     2.19129 153.88863           47.74123 0.12204 0.24031 0.32902 0.61024 0.30532 328.24516
  cascade::learned_deferral 0.77674   0.00517              -0.04582     1.78211 161.81450           55.66710 0.06212 0.18015 0.16662 0.74146 0.51644 292.92144
second::verifier_confidence 0.81742   0.00642              -0.00514     1.20426 128.44266           22.29526 0.04108 0.17197 0.14081 0.74138 0.49625 274.71921
         second::raw_margin 0.82845   0.00372               0.00590     1.16335 125.88259           19.73519 0.04006 0.16816 0.12850 0.73903 0.49902 278.13171
  second::discounted_margin 0.82243   0.00454              -0.00013     1.11919 120.57740           14.43000 0.03957 0.16777 0.13735 0.74971 0.51398 254.53967
       learner::extra_trees 0.80141   0.00668              -0.02115     1.00000 129.40285           23.25545 0.05675 0.17912 0.15735 0.73034 0.48756 235.02642
               learner::hgb 0.79348   0.00604              -0.02907     1.00000 105.52832           -0.61908 0.05733 0.18158 0.16343 0.72339 0.48738 221.87131
               learner::gbr 0.80495   0.00917              -0.01761     1.00000 111.49521            5.34781 0.04876 0.17602 0.15300 0.72967 0.49226 226.65694
             learner::ridge 0.78834   0.00436              -0.03422     1.00000 142.15460           36.00720 0.06607 0.18396 0.16868 0.73486 0.49330 243.07747
              learner::tree 0.78994   0.00713              -0.03261     1.00000 107.49243            1.34503 0.06036 0.18484 0.17210 0.71305 0.46782 223.65776
               learner::knn 0.76162   0.01452              -0.06093     1.00000 120.52676           14.37936 0.07407 0.19473 0.19680 0.71139 0.46448 237.35892
               learner::mlp 0.78511   0.01244              -0.03745     1.00000 127.06029           20.91289 0.06262 0.18543 0.17091 0.72447 0.48156 236.59318
                        arm  d_auroc_reference_minus  ci95_lo  ci95_hi  significant_95  bonf_lo  bonf_hi  significant_bonferroni      d_ms  mean_calls  n_comparisons  bonferroni_alpha
      cascade::disagreement                  0.20230  0.18361  0.22019            True  0.17640  0.22800                    True -47.74123     2.19129             13           0.00385
        cascade::confidence                  0.07065  0.05596  0.08494            True  0.05084  0.09166                    True -13.53493     1.52905             13           0.00385
               learner::knn                  0.06093  0.04790  0.07368            True  0.04198  0.08005                    True -14.37936     1.00000             13           0.00385
  cascade::learned_deferral                  0.04582  0.03114  0.06088            True  0.02515  0.06925                    True -55.66710     1.78211             13           0.00385
               learner::mlp                  0.03745  0.02780  0.04666            True  0.02407  0.05174                    True -20.91289     1.00000             13           0.00385
             learner::ridge                  0.03422  0.02078  0.04644            True  0.01586  0.05457                    True -36.00720     1.00000             13           0.00385
              learner::tree                  0.03261  0.02551  0.03915            True  0.02234  0.04202                    True  -1.34503     1.00000             13           0.00385
               learner::hgb                  0.02907  0.02122  0.03684            True  0.01763  0.04042                    True   0.61908     1.00000             13           0.00385
       learner::extra_trees                  0.02115  0.01171  0.03028            True  0.00753  0.03536                    True -23.25545     1.00000             13           0.00385
               learner::gbr                  0.01761  0.01171  0.02346            True  0.00853  0.02563                    True  -5.34781     1.00000             13           0.00385
second::verifier_confidence                  0.00514  0.00065  0.00978            True -0.00148  0.01226                   False -22.29526     1.20426             13           0.00385
  second::discounted_margin                  0.00013 -0.00296  0.00298           False -0.00419  0.00429                   False -14.43000     1.11919             13           0.00385
         second::raw_margin                 -0.00590 -0.01247 -0.00003            True -0.01582  0.00303                   False -19.73519     1.16335             13           0.00385
[16:40:53 +   210s] ===== reportB done in 210s =====
